// Jest Snapshot v1, https://goo.gl/fbAQLP

exports[`event mutations:  create event create an event with all fields 1`] = `
Object {
  "data": Object {
    "createEvent": Object {
      "event": Object {
        "admissionFee": 10,
        "admissionFeeWithDiscount": 4,
        "amountOfFloors": 3,
        "club": Object {
          "id": 1,
          "name": "name",
        },
        "date": "event-date",
        "description": "event-description",
        "genres": Array [
          Object {
            "id": 1,
            "name": "genre1",
          },
          Object {
            "id": 2,
            "name": "genre2",
          },
        ],
        "id": 2,
        "imageUrl": null,
        "link": "http://www.some-link.de",
        "minimumAge": 18,
        "name": "event-name",
        "priceCategory": 2,
        "special": "event-special",
      },
    },
  },
  "errors": undefined,
  "extensions": undefined,
  "http": Object {
    "headers": Headers {
      Symbol(map): Object {},
    },
  },
}
`;

exports[`event mutations:  create event create an event with empty genres 1`] = `
Object {
  "data": Object {
    "createEvent": Object {
      "event": Object {
        "admissionFee": null,
        "admissionFeeWithDiscount": null,
        "amountOfFloors": null,
        "club": Object {
          "id": 1,
          "name": "name",
        },
        "date": "event-date",
        "description": null,
        "genres": Array [],
        "id": 2,
        "imageUrl": null,
        "link": null,
        "minimumAge": null,
        "name": "event-name",
        "priceCategory": null,
        "special": null,
      },
    },
  },
  "errors": undefined,
  "extensions": undefined,
  "http": Object {
    "headers": Headers {
      Symbol(map): Object {},
    },
  },
}
`;

exports[`event mutations:  create event create an event with only required information 1`] = `
Object {
  "data": Object {
    "createEvent": Object {
      "event": Object {
        "admissionFee": null,
        "admissionFeeWithDiscount": null,
        "amountOfFloors": null,
        "club": Object {
          "id": 1,
          "name": "name",
        },
        "date": "event-date",
        "description": null,
        "genres": Array [],
        "id": 2,
        "imageUrl": null,
        "link": null,
        "minimumAge": null,
        "name": "event-name",
        "priceCategory": null,
        "special": null,
      },
    },
  },
  "errors": undefined,
  "extensions": undefined,
  "http": Object {
    "headers": Headers {
      Symbol(map): Object {},
    },
  },
}
`;

exports[`event mutations:  create event create an event without permission shoul yield error 1`] = `
Array [
  [GraphQLError: You need to be logged in as admin to mutate data],
]
`;

exports[`event mutations:  delte event without permission should yield error 1`] = `
Array [
  [GraphQLError: You need to be logged in as admin to mutate data],
]
`;

exports[`event mutations:  update event to only have required fields 1`] = `
Object {
  "data": Object {
    "updateEvent": Object {
      "event": Object {
        "admissionFee": null,
        "admissionFeeWithDiscount": null,
        "amountOfFloors": null,
        "club": Object {
          "id": 2,
          "name": "name",
        },
        "date": "updated-date",
        "description": null,
        "genres": Array [],
        "id": 1,
        "imageUrl": null,
        "link": null,
        "minimumAge": null,
        "name": "updated-name",
        "priceCategory": null,
        "special": null,
      },
    },
  },
  "errors": undefined,
  "extensions": undefined,
  "http": Object {
    "headers": Headers {
      Symbol(map): Object {},
    },
  },
}
`;

exports[`event mutations:  update event with all fields 1`] = `
Object {
  "data": Object {
    "updateEvent": Object {
      "event": Object {
        "admissionFee": 20,
        "admissionFeeWithDiscount": 3,
        "amountOfFloors": 2,
        "club": Object {
          "id": 2,
          "name": "name",
        },
        "date": "updated-date",
        "description": "updated-description",
        "genres": Array [
          Object {
            "id": 2,
            "name": "genre2",
          },
          Object {
            "id": 3,
            "name": "genre3",
          },
        ],
        "id": 1,
        "imageUrl": null,
        "link": "http://www.some-link.de",
        "minimumAge": 16,
        "name": "updated-name",
        "priceCategory": 1,
        "special": "updated-special",
      },
    },
  },
  "errors": undefined,
  "extensions": undefined,
  "http": Object {
    "headers": Headers {
      Symbol(map): Object {},
    },
  },
}
`;

exports[`event mutations:  update event with emojis in description 1`] = `
Object {
  "data": Object {
    "updateEvent": Object {
      "event": Object {
        "admissionFee": null,
        "admissionFeeWithDiscount": null,
        "amountOfFloors": null,
        "club": Object {
          "id": 2,
          "name": "name",
        },
        "date": "updated-date",
        "description": "üçÉüîùüéâüì¢üëâüåµüéµ",
        "genres": Array [],
        "id": 1,
        "imageUrl": null,
        "link": null,
        "minimumAge": null,
        "name": "updated-name",
        "priceCategory": null,
        "special": null,
      },
    },
  },
  "errors": undefined,
  "extensions": undefined,
  "http": Object {
    "headers": Headers {
      Symbol(map): Object {},
    },
  },
}
`;

exports[`event mutations:  update event with empty genre list 1`] = `
Object {
  "data": Object {
    "updateEvent": Object {
      "event": Object {
        "admissionFee": null,
        "admissionFeeWithDiscount": null,
        "amountOfFloors": null,
        "club": Object {
          "id": 2,
          "name": "name",
        },
        "date": "updated-date",
        "description": null,
        "genres": Array [],
        "id": 1,
        "imageUrl": null,
        "link": null,
        "minimumAge": null,
        "name": "updated-name",
        "priceCategory": null,
        "special": null,
      },
    },
  },
  "errors": undefined,
  "extensions": undefined,
  "http": Object {
    "headers": Headers {
      Symbol(map): Object {},
    },
  },
}
`;

exports[`event mutations:  update event without permission should yield error 1`] = `
Object {
  "data": null,
  "errors": Array [
    [GraphQLError: You need to be logged in as admin to mutate data],
  ],
  "extensions": undefined,
  "http": Object {
    "headers": Headers {
      Symbol(map): Object {},
    },
  },
}
`;
